// Jest Snapshot v1, https://goo.gl/fbAQLP

exports[`testing the component smoke tests the component 1`] = `
ShallowWrapper {
  Symbol(enzyme.__root__): [Circular],
  Symbol(enzyme.__unrendered__): <Unknown
    dispatchHandleKey={[Function]}
    keyPressed={null}
  />,
  Symbol(enzyme.__renderer__): Object {
    "batchedUpdates": [Function],
    "checkPropTypes": [Function],
    "getNode": [Function],
    "render": [Function],
    "simulateError": [Function],
    "simulateEvent": [Function],
    "unmount": [Function],
  },
  Symbol(enzyme.__node__): Object {
    "instance": null,
    "key": undefined,
    "nodeType": "function",
    "props": Object {
      "children": <UNDEFINED>
        <UNDEFINED>
          <Key
            emitter={[Function]}
            keyPressed={null}
            type="left"
          />
          <UNDEFINED>
            left
          </UNDEFINED>
        </UNDEFINED>
        <UNDEFINED>
          <Key
            emitter={[Function]}
            keyPressed={null}
            type="right"
          />
          <UNDEFINED>
            right
          </UNDEFINED>
        </UNDEFINED>
        <UNDEFINED>
          <Key
            emitter={[Function]}
            keyPressed={null}
            type="down"
          />
          <UNDEFINED>
            down
          </UNDEFINED>
        </UNDEFINED>
        <UNDEFINED>
          <Key
            emitter={[Function]}
            keyPressed={null}
            type="up"
          />
          <UNDEFINED>
            rotate
          </UNDEFINED>
        </UNDEFINED>
        <UNDEFINED>
          <Key
            emitter={[Function]}
            keyPressed={null}
            type=" "
          />
          <UNDEFINED>
            drop
          </UNDEFINED>
        </UNDEFINED>
      </UNDEFINED>,
    },
    "ref": null,
    "rendered": Object {
      "instance": null,
      "key": undefined,
      "nodeType": "function",
      "props": Object {
        "children": Array [
          <UNDEFINED>
            <Key
              emitter={[Function]}
              keyPressed={null}
              type="left"
            />
            <UNDEFINED>
              left
            </UNDEFINED>
          </UNDEFINED>,
          <UNDEFINED>
            <Key
              emitter={[Function]}
              keyPressed={null}
              type="right"
            />
            <UNDEFINED>
              right
            </UNDEFINED>
          </UNDEFINED>,
          <UNDEFINED>
            <Key
              emitter={[Function]}
              keyPressed={null}
              type="down"
            />
            <UNDEFINED>
              down
            </UNDEFINED>
          </UNDEFINED>,
          <UNDEFINED>
            <Key
              emitter={[Function]}
              keyPressed={null}
              type="up"
            />
            <UNDEFINED>
              rotate
            </UNDEFINED>
          </UNDEFINED>,
          <UNDEFINED>
            <Key
              emitter={[Function]}
              keyPressed={null}
              type=" "
            />
            <UNDEFINED>
              drop
            </UNDEFINED>
          </UNDEFINED>,
        ],
      },
      "ref": null,
      "rendered": Array [
        Object {
          "instance": null,
          "key": undefined,
          "nodeType": "function",
          "props": Object {
            "children": Array [
              <Key
                emitter={[Function]}
                keyPressed={null}
                type="left"
              />,
              <UNDEFINED>
                left
              </UNDEFINED>,
            ],
          },
          "ref": null,
          "rendered": Array [
            Object {
              "instance": null,
              "key": undefined,
              "nodeType": "function",
              "props": Object {
                "emitter": [Function],
                "keyPressed": null,
                "type": "left",
              },
              "ref": null,
              "rendered": null,
              "type": [Function],
            },
            Object {
              "instance": null,
              "key": undefined,
              "nodeType": "function",
              "props": Object {
                "children": "left",
              },
              "ref": null,
              "rendered": "left",
              "type": Object {
                "$$typeof": Symbol(react.forward_ref),
                "attrs": Array [],
                "componentStyle": ComponentStyle {
                  "componentId": "sc-EHOje",
                  "isStatic": true,
                  "rules": Array [
                    "
  color: #fff;
",
                  ],
                },
                "displayName": "styled.span",
                "foldedComponentIds": Array [],
                "render": [Function],
                "styledComponentId": "sc-EHOje",
                "target": "span",
                "toString": [Function],
                "warnTooManyClasses": [Function],
                "withComponent": [Function],
              },
            },
          ],
          "type": Object {
            "$$typeof": Symbol(react.forward_ref),
            "attrs": Array [],
            "componentStyle": ComponentStyle {
              "componentId": "sc-ifAKCX",
              "isStatic": true,
              "rules": Array [
                "
  display: flex;
  flex-direction: column;
  align-items: center;
  justify-content: center;
",
              ],
            },
            "displayName": "styled.div",
            "foldedComponentIds": Array [],
            "render": [Function],
            "styledComponentId": "sc-ifAKCX",
            "target": "div",
            "toString": [Function],
            "warnTooManyClasses": [Function],
            "withComponent": [Function],
          },
        },
        Object {
          "instance": null,
          "key": undefined,
          "nodeType": "function",
          "props": Object {
            "children": Array [
              <Key
                emitter={[Function]}
                keyPressed={null}
                type="right"
              />,
              <UNDEFINED>
                right
              </UNDEFINED>,
            ],
          },
          "ref": null,
          "rendered": Array [
            Object {
              "instance": null,
              "key": undefined,
              "nodeType": "function",
              "props": Object {
                "emitter": [Function],
                "keyPressed": null,
                "type": "right",
              },
              "ref": null,
              "rendered": null,
              "type": [Function],
            },
            Object {
              "instance": null,
              "key": undefined,
              "nodeType": "function",
              "props": Object {
                "children": "right",
              },
              "ref": null,
              "rendered": "right",
              "type": Object {
                "$$typeof": Symbol(react.forward_ref),
                "attrs": Array [],
                "componentStyle": ComponentStyle {
                  "componentId": "sc-EHOje",
                  "isStatic": true,
                  "rules": Array [
                    "
  color: #fff;
",
                  ],
                },
                "displayName": "styled.span",
                "foldedComponentIds": Array [],
                "render": [Function],
                "styledComponentId": "sc-EHOje",
                "target": "span",
                "toString": [Function],
                "warnTooManyClasses": [Function],
                "withComponent": [Function],
              },
            },
          ],
          "type": Object {
            "$$typeof": Symbol(react.forward_ref),
            "attrs": Array [],
            "componentStyle": ComponentStyle {
              "componentId": "sc-ifAKCX",
              "isStatic": true,
              "rules": Array [
                "
  display: flex;
  flex-direction: column;
  align-items: center;
  justify-content: center;
",
              ],
            },
            "displayName": "styled.div",
            "foldedComponentIds": Array [],
            "render": [Function],
            "styledComponentId": "sc-ifAKCX",
            "target": "div",
            "toString": [Function],
            "warnTooManyClasses": [Function],
            "withComponent": [Function],
          },
        },
        Object {
          "instance": null,
          "key": undefined,
          "nodeType": "function",
          "props": Object {
            "children": Array [
              <Key
                emitter={[Function]}
                keyPressed={null}
                type="down"
              />,
              <UNDEFINED>
                down
              </UNDEFINED>,
            ],
          },
          "ref": null,
          "rendered": Array [
            Object {
              "instance": null,
              "key": undefined,
              "nodeType": "function",
              "props": Object {
                "emitter": [Function],
                "keyPressed": null,
                "type": "down",
              },
              "ref": null,
              "rendered": null,
              "type": [Function],
            },
            Object {
              "instance": null,
              "key": undefined,
              "nodeType": "function",
              "props": Object {
                "children": "down",
              },
              "ref": null,
              "rendered": "down",
              "type": Object {
                "$$typeof": Symbol(react.forward_ref),
                "attrs": Array [],
                "componentStyle": ComponentStyle {
                  "componentId": "sc-EHOje",
                  "isStatic": true,
                  "rules": Array [
                    "
  color: #fff;
",
                  ],
                },
                "displayName": "styled.span",
                "foldedComponentIds": Array [],
                "render": [Function],
                "styledComponentId": "sc-EHOje",
                "target": "span",
                "toString": [Function],
                "warnTooManyClasses": [Function],
                "withComponent": [Function],
              },
            },
          ],
          "type": Object {
            "$$typeof": Symbol(react.forward_ref),
            "attrs": Array [],
            "componentStyle": ComponentStyle {
              "componentId": "sc-ifAKCX",
              "isStatic": true,
              "rules": Array [
                "
  display: flex;
  flex-direction: column;
  align-items: center;
  justify-content: center;
",
              ],
            },
            "displayName": "styled.div",
            "foldedComponentIds": Array [],
            "render": [Function],
            "styledComponentId": "sc-ifAKCX",
            "target": "div",
            "toString": [Function],
            "warnTooManyClasses": [Function],
            "withComponent": [Function],
          },
        },
        Object {
          "instance": null,
          "key": undefined,
          "nodeType": "function",
          "props": Object {
            "children": Array [
              <Key
                emitter={[Function]}
                keyPressed={null}
                type="up"
              />,
              <UNDEFINED>
                rotate
              </UNDEFINED>,
            ],
          },
          "ref": null,
          "rendered": Array [
            Object {
              "instance": null,
              "key": undefined,
              "nodeType": "function",
              "props": Object {
                "emitter": [Function],
                "keyPressed": null,
                "type": "up",
              },
              "ref": null,
              "rendered": null,
              "type": [Function],
            },
            Object {
              "instance": null,
              "key": undefined,
              "nodeType": "function",
              "props": Object {
                "children": "rotate",
              },
              "ref": null,
              "rendered": "rotate",
              "type": Object {
                "$$typeof": Symbol(react.forward_ref),
                "attrs": Array [],
                "componentStyle": ComponentStyle {
                  "componentId": "sc-EHOje",
                  "isStatic": true,
                  "rules": Array [
                    "
  color: #fff;
",
                  ],
                },
                "displayName": "styled.span",
                "foldedComponentIds": Array [],
                "render": [Function],
                "styledComponentId": "sc-EHOje",
                "target": "span",
                "toString": [Function],
                "warnTooManyClasses": [Function],
                "withComponent": [Function],
              },
            },
          ],
          "type": Object {
            "$$typeof": Symbol(react.forward_ref),
            "attrs": Array [],
            "componentStyle": ComponentStyle {
              "componentId": "sc-ifAKCX",
              "isStatic": true,
              "rules": Array [
                "
  display: flex;
  flex-direction: column;
  align-items: center;
  justify-content: center;
",
              ],
            },
            "displayName": "styled.div",
            "foldedComponentIds": Array [],
            "render": [Function],
            "styledComponentId": "sc-ifAKCX",
            "target": "div",
            "toString": [Function],
            "warnTooManyClasses": [Function],
            "withComponent": [Function],
          },
        },
        Object {
          "instance": null,
          "key": undefined,
          "nodeType": "function",
          "props": Object {
            "children": Array [
              <Key
                emitter={[Function]}
                keyPressed={null}
                type=" "
              />,
              <UNDEFINED>
                drop
              </UNDEFINED>,
            ],
          },
          "ref": null,
          "rendered": Array [
            Object {
              "instance": null,
              "key": undefined,
              "nodeType": "function",
              "props": Object {
                "emitter": [Function],
                "keyPressed": null,
                "type": " ",
              },
              "ref": null,
              "rendered": null,
              "type": [Function],
            },
            Object {
              "instance": null,
              "key": undefined,
              "nodeType": "function",
              "props": Object {
                "children": "drop",
              },
              "ref": null,
              "rendered": "drop",
              "type": Object {
                "$$typeof": Symbol(react.forward_ref),
                "attrs": Array [],
                "componentStyle": ComponentStyle {
                  "componentId": "sc-EHOje",
                  "isStatic": true,
                  "rules": Array [
                    "
  color: #fff;
",
                  ],
                },
                "displayName": "styled.span",
                "foldedComponentIds": Array [],
                "render": [Function],
                "styledComponentId": "sc-EHOje",
                "target": "span",
                "toString": [Function],
                "warnTooManyClasses": [Function],
                "withComponent": [Function],
              },
            },
          ],
          "type": Object {
            "$$typeof": Symbol(react.forward_ref),
            "attrs": Array [],
            "componentStyle": ComponentStyle {
              "componentId": "sc-ifAKCX",
              "isStatic": true,
              "rules": Array [
                "
  display: flex;
  flex-direction: column;
  align-items: center;
  justify-content: center;
",
              ],
            },
            "displayName": "styled.div",
            "foldedComponentIds": Array [],
            "render": [Function],
            "styledComponentId": "sc-ifAKCX",
            "target": "div",
            "toString": [Function],
            "warnTooManyClasses": [Function],
            "withComponent": [Function],
          },
        },
      ],
      "type": Object {
        "$$typeof": Symbol(react.forward_ref),
        "attrs": Array [],
        "componentStyle": ComponentStyle {
          "componentId": "sc-bxivhb",
          "isStatic": true,
          "rules": Array [
            "
  height: 100%;
  width: 100%;
  display: flex;
  flex-direction: row;
  justify-content: space-around;
  align-items: center;
",
          ],
        },
        "displayName": "styled.div",
        "foldedComponentIds": Array [],
        "render": [Function],
        "styledComponentId": "sc-bxivhb",
        "target": "div",
        "toString": [Function],
        "warnTooManyClasses": [Function],
        "withComponent": [Function],
      },
    },
    "type": Object {
      "$$typeof": Symbol(react.forward_ref),
      "attrs": Array [],
      "componentStyle": ComponentStyle {
        "componentId": "sc-htpNat",
        "isStatic": true,
        "rules": Array [
          "
  height: 100%;
  width: 100%;
",
        ],
      },
      "displayName": "styled.div",
      "foldedComponentIds": Array [],
      "render": [Function],
      "styledComponentId": "sc-htpNat",
      "target": "div",
      "toString": [Function],
      "warnTooManyClasses": [Function],
      "withComponent": [Function],
    },
  },
  Symbol(enzyme.__nodes__): Array [
    Object {
      "instance": null,
      "key": undefined,
      "nodeType": "function",
      "props": Object {
        "children": <UNDEFINED>
          <UNDEFINED>
            <Key
              emitter={[Function]}
              keyPressed={null}
              type="left"
            />
            <UNDEFINED>
              left
            </UNDEFINED>
          </UNDEFINED>
          <UNDEFINED>
            <Key
              emitter={[Function]}
              keyPressed={null}
              type="right"
            />
            <UNDEFINED>
              right
            </UNDEFINED>
          </UNDEFINED>
          <UNDEFINED>
            <Key
              emitter={[Function]}
              keyPressed={null}
              type="down"
            />
            <UNDEFINED>
              down
            </UNDEFINED>
          </UNDEFINED>
          <UNDEFINED>
            <Key
              emitter={[Function]}
              keyPressed={null}
              type="up"
            />
            <UNDEFINED>
              rotate
            </UNDEFINED>
          </UNDEFINED>
          <UNDEFINED>
            <Key
              emitter={[Function]}
              keyPressed={null}
              type=" "
            />
            <UNDEFINED>
              drop
            </UNDEFINED>
          </UNDEFINED>
        </UNDEFINED>,
      },
      "ref": null,
      "rendered": Object {
        "instance": null,
        "key": undefined,
        "nodeType": "function",
        "props": Object {
          "children": Array [
            <UNDEFINED>
              <Key
                emitter={[Function]}
                keyPressed={null}
                type="left"
              />
              <UNDEFINED>
                left
              </UNDEFINED>
            </UNDEFINED>,
            <UNDEFINED>
              <Key
                emitter={[Function]}
                keyPressed={null}
                type="right"
              />
              <UNDEFINED>
                right
              </UNDEFINED>
            </UNDEFINED>,
            <UNDEFINED>
              <Key
                emitter={[Function]}
                keyPressed={null}
                type="down"
              />
              <UNDEFINED>
                down
              </UNDEFINED>
            </UNDEFINED>,
            <UNDEFINED>
              <Key
                emitter={[Function]}
                keyPressed={null}
                type="up"
              />
              <UNDEFINED>
                rotate
              </UNDEFINED>
            </UNDEFINED>,
            <UNDEFINED>
              <Key
                emitter={[Function]}
                keyPressed={null}
                type=" "
              />
              <UNDEFINED>
                drop
              </UNDEFINED>
            </UNDEFINED>,
          ],
        },
        "ref": null,
        "rendered": Array [
          Object {
            "instance": null,
            "key": undefined,
            "nodeType": "function",
            "props": Object {
              "children": Array [
                <Key
                  emitter={[Function]}
                  keyPressed={null}
                  type="left"
                />,
                <UNDEFINED>
                  left
                </UNDEFINED>,
              ],
            },
            "ref": null,
            "rendered": Array [
              Object {
                "instance": null,
                "key": undefined,
                "nodeType": "function",
                "props": Object {
                  "emitter": [Function],
                  "keyPressed": null,
                  "type": "left",
                },
                "ref": null,
                "rendered": null,
                "type": [Function],
              },
              Object {
                "instance": null,
                "key": undefined,
                "nodeType": "function",
                "props": Object {
                  "children": "left",
                },
                "ref": null,
                "rendered": "left",
                "type": Object {
                  "$$typeof": Symbol(react.forward_ref),
                  "attrs": Array [],
                  "componentStyle": ComponentStyle {
                    "componentId": "sc-EHOje",
                    "isStatic": true,
                    "rules": Array [
                      "
  color: #fff;
",
                    ],
                  },
                  "displayName": "styled.span",
                  "foldedComponentIds": Array [],
                  "render": [Function],
                  "styledComponentId": "sc-EHOje",
                  "target": "span",
                  "toString": [Function],
                  "warnTooManyClasses": [Function],
                  "withComponent": [Function],
                },
              },
            ],
            "type": Object {
              "$$typeof": Symbol(react.forward_ref),
              "attrs": Array [],
              "componentStyle": ComponentStyle {
                "componentId": "sc-ifAKCX",
                "isStatic": true,
                "rules": Array [
                  "
  display: flex;
  flex-direction: column;
  align-items: center;
  justify-content: center;
",
                ],
              },
              "displayName": "styled.div",
              "foldedComponentIds": Array [],
              "render": [Function],
              "styledComponentId": "sc-ifAKCX",
              "target": "div",
              "toString": [Function],
              "warnTooManyClasses": [Function],
              "withComponent": [Function],
            },
          },
          Object {
            "instance": null,
            "key": undefined,
            "nodeType": "function",
            "props": Object {
              "children": Array [
                <Key
                  emitter={[Function]}
                  keyPressed={null}
                  type="right"
                />,
                <UNDEFINED>
                  right
                </UNDEFINED>,
              ],
            },
            "ref": null,
            "rendered": Array [
              Object {
                "instance": null,
                "key": undefined,
                "nodeType": "function",
                "props": Object {
                  "emitter": [Function],
                  "keyPressed": null,
                  "type": "right",
                },
                "ref": null,
                "rendered": null,
                "type": [Function],
              },
              Object {
                "instance": null,
                "key": undefined,
                "nodeType": "function",
                "props": Object {
                  "children": "right",
                },
                "ref": null,
                "rendered": "right",
                "type": Object {
                  "$$typeof": Symbol(react.forward_ref),
                  "attrs": Array [],
                  "componentStyle": ComponentStyle {
                    "componentId": "sc-EHOje",
                    "isStatic": true,
                    "rules": Array [
                      "
  color: #fff;
",
                    ],
                  },
                  "displayName": "styled.span",
                  "foldedComponentIds": Array [],
                  "render": [Function],
                  "styledComponentId": "sc-EHOje",
                  "target": "span",
                  "toString": [Function],
                  "warnTooManyClasses": [Function],
                  "withComponent": [Function],
                },
              },
            ],
            "type": Object {
              "$$typeof": Symbol(react.forward_ref),
              "attrs": Array [],
              "componentStyle": ComponentStyle {
                "componentId": "sc-ifAKCX",
                "isStatic": true,
                "rules": Array [
                  "
  display: flex;
  flex-direction: column;
  align-items: center;
  justify-content: center;
",
                ],
              },
              "displayName": "styled.div",
              "foldedComponentIds": Array [],
              "render": [Function],
              "styledComponentId": "sc-ifAKCX",
              "target": "div",
              "toString": [Function],
              "warnTooManyClasses": [Function],
              "withComponent": [Function],
            },
          },
          Object {
            "instance": null,
            "key": undefined,
            "nodeType": "function",
            "props": Object {
              "children": Array [
                <Key
                  emitter={[Function]}
                  keyPressed={null}
                  type="down"
                />,
                <UNDEFINED>
                  down
                </UNDEFINED>,
              ],
            },
            "ref": null,
            "rendered": Array [
              Object {
                "instance": null,
                "key": undefined,
                "nodeType": "function",
                "props": Object {
                  "emitter": [Function],
                  "keyPressed": null,
                  "type": "down",
                },
                "ref": null,
                "rendered": null,
                "type": [Function],
              },
              Object {
                "instance": null,
                "key": undefined,
                "nodeType": "function",
                "props": Object {
                  "children": "down",
                },
                "ref": null,
                "rendered": "down",
                "type": Object {
                  "$$typeof": Symbol(react.forward_ref),
                  "attrs": Array [],
                  "componentStyle": ComponentStyle {
                    "componentId": "sc-EHOje",
                    "isStatic": true,
                    "rules": Array [
                      "
  color: #fff;
",
                    ],
                  },
                  "displayName": "styled.span",
                  "foldedComponentIds": Array [],
                  "render": [Function],
                  "styledComponentId": "sc-EHOje",
                  "target": "span",
                  "toString": [Function],
                  "warnTooManyClasses": [Function],
                  "withComponent": [Function],
                },
              },
            ],
            "type": Object {
              "$$typeof": Symbol(react.forward_ref),
              "attrs": Array [],
              "componentStyle": ComponentStyle {
                "componentId": "sc-ifAKCX",
                "isStatic": true,
                "rules": Array [
                  "
  display: flex;
  flex-direction: column;
  align-items: center;
  justify-content: center;
",
                ],
              },
              "displayName": "styled.div",
              "foldedComponentIds": Array [],
              "render": [Function],
              "styledComponentId": "sc-ifAKCX",
              "target": "div",
              "toString": [Function],
              "warnTooManyClasses": [Function],
              "withComponent": [Function],
            },
          },
          Object {
            "instance": null,
            "key": undefined,
            "nodeType": "function",
            "props": Object {
              "children": Array [
                <Key
                  emitter={[Function]}
                  keyPressed={null}
                  type="up"
                />,
                <UNDEFINED>
                  rotate
                </UNDEFINED>,
              ],
            },
            "ref": null,
            "rendered": Array [
              Object {
                "instance": null,
                "key": undefined,
                "nodeType": "function",
                "props": Object {
                  "emitter": [Function],
                  "keyPressed": null,
                  "type": "up",
                },
                "ref": null,
                "rendered": null,
                "type": [Function],
              },
              Object {
                "instance": null,
                "key": undefined,
                "nodeType": "function",
                "props": Object {
                  "children": "rotate",
                },
                "ref": null,
                "rendered": "rotate",
                "type": Object {
                  "$$typeof": Symbol(react.forward_ref),
                  "attrs": Array [],
                  "componentStyle": ComponentStyle {
                    "componentId": "sc-EHOje",
                    "isStatic": true,
                    "rules": Array [
                      "
  color: #fff;
",
                    ],
                  },
                  "displayName": "styled.span",
                  "foldedComponentIds": Array [],
                  "render": [Function],
                  "styledComponentId": "sc-EHOje",
                  "target": "span",
                  "toString": [Function],
                  "warnTooManyClasses": [Function],
                  "withComponent": [Function],
                },
              },
            ],
            "type": Object {
              "$$typeof": Symbol(react.forward_ref),
              "attrs": Array [],
              "componentStyle": ComponentStyle {
                "componentId": "sc-ifAKCX",
                "isStatic": true,
                "rules": Array [
                  "
  display: flex;
  flex-direction: column;
  align-items: center;
  justify-content: center;
",
                ],
              },
              "displayName": "styled.div",
              "foldedComponentIds": Array [],
              "render": [Function],
              "styledComponentId": "sc-ifAKCX",
              "target": "div",
              "toString": [Function],
              "warnTooManyClasses": [Function],
              "withComponent": [Function],
            },
          },
          Object {
            "instance": null,
            "key": undefined,
            "nodeType": "function",
            "props": Object {
              "children": Array [
                <Key
                  emitter={[Function]}
                  keyPressed={null}
                  type=" "
                />,
                <UNDEFINED>
                  drop
                </UNDEFINED>,
              ],
            },
            "ref": null,
            "rendered": Array [
              Object {
                "instance": null,
                "key": undefined,
                "nodeType": "function",
                "props": Object {
                  "emitter": [Function],
                  "keyPressed": null,
                  "type": " ",
                },
                "ref": null,
                "rendered": null,
                "type": [Function],
              },
              Object {
                "instance": null,
                "key": undefined,
                "nodeType": "function",
                "props": Object {
                  "children": "drop",
                },
                "ref": null,
                "rendered": "drop",
                "type": Object {
                  "$$typeof": Symbol(react.forward_ref),
                  "attrs": Array [],
                  "componentStyle": ComponentStyle {
                    "componentId": "sc-EHOje",
                    "isStatic": true,
                    "rules": Array [
                      "
  color: #fff;
",
                    ],
                  },
                  "displayName": "styled.span",
                  "foldedComponentIds": Array [],
                  "render": [Function],
                  "styledComponentId": "sc-EHOje",
                  "target": "span",
                  "toString": [Function],
                  "warnTooManyClasses": [Function],
                  "withComponent": [Function],
                },
              },
            ],
            "type": Object {
              "$$typeof": Symbol(react.forward_ref),
              "attrs": Array [],
              "componentStyle": ComponentStyle {
                "componentId": "sc-ifAKCX",
                "isStatic": true,
                "rules": Array [
                  "
  display: flex;
  flex-direction: column;
  align-items: center;
  justify-content: center;
",
                ],
              },
              "displayName": "styled.div",
              "foldedComponentIds": Array [],
              "render": [Function],
              "styledComponentId": "sc-ifAKCX",
              "target": "div",
              "toString": [Function],
              "warnTooManyClasses": [Function],
              "withComponent": [Function],
            },
          },
        ],
        "type": Object {
          "$$typeof": Symbol(react.forward_ref),
          "attrs": Array [],
          "componentStyle": ComponentStyle {
            "componentId": "sc-bxivhb",
            "isStatic": true,
            "rules": Array [
              "
  height: 100%;
  width: 100%;
  display: flex;
  flex-direction: row;
  justify-content: space-around;
  align-items: center;
",
            ],
          },
          "displayName": "styled.div",
          "foldedComponentIds": Array [],
          "render": [Function],
          "styledComponentId": "sc-bxivhb",
          "target": "div",
          "toString": [Function],
          "warnTooManyClasses": [Function],
          "withComponent": [Function],
        },
      },
      "type": Object {
        "$$typeof": Symbol(react.forward_ref),
        "attrs": Array [],
        "componentStyle": ComponentStyle {
          "componentId": "sc-htpNat",
          "isStatic": true,
          "rules": Array [
            "
  height: 100%;
  width: 100%;
",
          ],
        },
        "displayName": "styled.div",
        "foldedComponentIds": Array [],
        "render": [Function],
        "styledComponentId": "sc-htpNat",
        "target": "div",
        "toString": [Function],
        "warnTooManyClasses": [Function],
        "withComponent": [Function],
      },
    },
  ],
  Symbol(enzyme.__options__): Object {
    "adapter": ReactSixteenAdapter {
      "options": Object {
        "enableComponentDidUpdateOnSetState": true,
        "legacyContextMode": "parent",
        "lifecycles": Object {
          "componentDidUpdate": Object {
            "onSetState": true,
          },
          "getChildContext": Object {
            "calledByRenderer": false,
          },
          "getDerivedStateFromProps": true,
          "getSnapshotBeforeUpdate": true,
          "setState": Object {
            "skipsComponentDidUpdateOnNullish": true,
          },
        },
      },
    },
  },
}
`;
