// Jest Snapshot v1, https://goo.gl/fbAQLP

exports[`testing Result smoke tests the component 1`] = `
ShallowWrapper {
  Symbol(enzyme.__root__): [Circular],
  Symbol(enzyme.__unrendered__): <Unknown
    winner={true}
  />,
  Symbol(enzyme.__renderer__): Object {
    "batchedUpdates": [Function],
    "checkPropTypes": [Function],
    "getNode": [Function],
    "render": [Function],
    "simulateError": [Function],
    "simulateEvent": [Function],
    "unmount": [Function],
  },
  Symbol(enzyme.__node__): Object {
    "instance": null,
    "key": undefined,
    "nodeType": "function",
    "props": Object {
      "children": "You Win!",
      "winner": true,
    },
    "ref": null,
    "rendered": "You Win!",
    "type": Object {
      "$$typeof": Symbol(react.forward_ref),
      "attrs": Array [],
      "componentStyle": ComponentStyle {
        "componentId": "sc-bZQynM",
        "isStatic": false,
        "rules": Array [
          "
  position: relative;
  top: 40%;
  margin: auto;
  margin-top: -50px;
  color: ",
          [Function],
          ";
  font-size: 5vmin;
  width: 100%;
  height: 50px;
  text-align: center;
",
        ],
      },
      "displayName": "styled.h1",
      "foldedComponentIds": Array [],
      "render": [Function],
      "styledComponentId": "sc-bZQynM",
      "target": "h1",
      "toString": [Function],
      "warnTooManyClasses": [Function],
      "withComponent": [Function],
    },
  },
  Symbol(enzyme.__nodes__): Array [
    Object {
      "instance": null,
      "key": undefined,
      "nodeType": "function",
      "props": Object {
        "children": "You Win!",
        "winner": true,
      },
      "ref": null,
      "rendered": "You Win!",
      "type": Object {
        "$$typeof": Symbol(react.forward_ref),
        "attrs": Array [],
        "componentStyle": ComponentStyle {
          "componentId": "sc-bZQynM",
          "isStatic": false,
          "rules": Array [
            "
  position: relative;
  top: 40%;
  margin: auto;
  margin-top: -50px;
  color: ",
            [Function],
            ";
  font-size: 5vmin;
  width: 100%;
  height: 50px;
  text-align: center;
",
          ],
        },
        "displayName": "styled.h1",
        "foldedComponentIds": Array [],
        "render": [Function],
        "styledComponentId": "sc-bZQynM",
        "target": "h1",
        "toString": [Function],
        "warnTooManyClasses": [Function],
        "withComponent": [Function],
      },
    },
  ],
  Symbol(enzyme.__options__): Object {
    "adapter": ReactSixteenAdapter {
      "options": Object {
        "enableComponentDidUpdateOnSetState": true,
        "legacyContextMode": "parent",
        "lifecycles": Object {
          "componentDidUpdate": Object {
            "onSetState": true,
          },
          "getChildContext": Object {
            "calledByRenderer": false,
          },
          "getDerivedStateFromProps": true,
          "getSnapshotBeforeUpdate": true,
          "setState": Object {
            "skipsComponentDidUpdateOnNullish": true,
          },
        },
      },
    },
  },
}
`;
